21:26:08 **** Incremental Build of configuration Debug for project Ejercicio1Sac ****
make -j8 all 
arm-none-eabi-gcc "../Core/Src/main.c" -mcpu=cortex-m33 -std=gnu11 -g3 -DDEBUG -DUSE_FULL_LL_DRIVER -DUSE_HAL_DRIVER -DSTM32L552xx -c -I../Core/Inc -I../Drivers/STM32L5xx_HAL_Driver/Inc -I../Drivers/STM32L5xx_HAL_Driver/Inc/Legacy -I../Drivers/CMSIS/Device/ST/STM32L5xx/Include -I../Drivers/CMSIS/Include -O0 -ffunction-sections -fdata-sections -Wall -fstack-usage -fcyclomatic-complexity -MMD -MP -MF"Core/Src/main.d" -MT"Core/Src/main.o" --specs=nano.specs -mfpu=fpv5-sp-d16 -mfloat-abi=hard -mthumb -o "Core/Src/main.o"
arm-none-eabi-gcc -o "Ejercicio1Sac.elf" @"objects.list"   -mcpu=cortex-m33 -T"C:\Users\16sex\Documents\Practicas SAC\Ejercicio1Sac\STM32L552ZETXQ_FLASH.ld" --specs=nosys.specs -Wl,-Map="Ejercicio1Sac.map" -Wl,--gc-sections -static --specs=nano.specs -mfpu=fpv5-sp-d16 -mfloat-abi=hard -mthumb -Wl,--start-group -lc -lm -Wl,--end-group
Finished building target: Ejercicio1Sac.elf
 
arm-none-eabi-size   Ejercicio1Sac.elf 
arm-none-eabi-objdump -h -S  Ejercicio1Sac.elf  > "Ejercicio1Sac.list"
   text	   data	    bss	    dec	    hex	filename
  22656	     20	   2620	  25296	   62d0	Ejercicio1Sac.elf
Finished building: default.size.stdout
 
Finished building: Ejercicio1Sac.list
 

21:26:10 Build Finished. 0 errors, 0 warnings. (took 2s.65ms)

