21:09:37 **** Incremental Build of configuration Debug for project GPIO_EXTI ****
make -j8 all 
arm-none-eabi-gcc "C:/Users/16sex/Desktop/SAC/GPIO_EXTI/Drivers/STM32L5xx_HAL_Driver/Src/stm32l5xx_hal.c" -mcpu=cortex-m33 -std=gnu11 -g3 -DUSE_HAL_DRIVER -DSTM32L552xx -DDEBUG -c -I../../Drivers/CMSIS/Device/ST/STM32L5xx/Include -I../../Drivers/STM32L5xx_HAL_Driver/Inc/Legacy -I../../Drivers/BSP/STM32L5xx_Nucleo -I../../Inc -I../../Drivers/STM32L5xx_HAL_Driver/Inc -I../../Drivers/CMSIS/Include -O0 -ffunction-sections -fdata-sections -Wall -fstack-usage -fcyclomatic-complexity -MMD -MP -MF"Drivers/STM32L5xx_HAL_Driver/stm32l5xx_hal.d" -MT"Drivers/STM32L5xx_HAL_Driver/stm32l5xx_hal.o" --specs=nano.specs -mfpu=fpv5-sp-d16 -mfloat-abi=hard -mthumb -o "Drivers/STM32L5xx_HAL_Driver/stm32l5xx_hal.o"
arm-none-eabi-gcc "C:/Users/16sex/Desktop/SAC/GPIO_EXTI/Drivers/STM32L5xx_HAL_Driver/Src/stm32l5xx_hal_cortex.c" -mcpu=cortex-m33 -std=gnu11 -g3 -DUSE_HAL_DRIVER -DSTM32L552xx -DDEBUG -c -I../../Drivers/CMSIS/Device/ST/STM32L5xx/Include -I../../Drivers/STM32L5xx_HAL_Driver/Inc/Legacy -I../../Drivers/BSP/STM32L5xx_Nucleo -I../../Inc -I../../Drivers/STM32L5xx_HAL_Driver/Inc -I../../Drivers/CMSIS/Include -O0 -ffunction-sections -fdata-sections -Wall -fstack-usage -fcyclomatic-complexity -MMD -MP -MF"Drivers/STM32L5xx_HAL_Driver/stm32l5xx_hal_cortex.d" -MT"Drivers/STM32L5xx_HAL_Driver/stm32l5xx_hal_cortex.o" --specs=nano.specs -mfpu=fpv5-sp-d16 -mfloat-abi=hard -mthumb -o "Drivers/STM32L5xx_HAL_Driver/stm32l5xx_hal_cortex.o"
arm-none-eabi-gcc "C:/Users/16sex/Desktop/SAC/GPIO_EXTI/Drivers/STM32L5xx_HAL_Driver/Src/stm32l5xx_hal_dma.c" -mcpu=cortex-m33 -std=gnu11 -g3 -DUSE_HAL_DRIVER -DSTM32L552xx -DDEBUG -c -I../../Drivers/CMSIS/Device/ST/STM32L5xx/Include -I../../Drivers/STM32L5xx_HAL_Driver/Inc/Legacy -I../../Drivers/BSP/STM32L5xx_Nucleo -I../../Inc -I../../Drivers/STM32L5xx_HAL_Driver/Inc -I../../Drivers/CMSIS/Include -O0 -ffunction-sections -fdata-sections -Wall -fstack-usage -fcyclomatic-complexity -MMD -MP -MF"Drivers/STM32L5xx_HAL_Driver/stm32l5xx_hal_dma.d" -MT"Drivers/STM32L5xx_HAL_Driver/stm32l5xx_hal_dma.o" --specs=nano.specs -mfpu=fpv5-sp-d16 -mfloat-abi=hard -mthumb -o "Drivers/STM32L5xx_HAL_Driver/stm32l5xx_hal_dma.o"
arm-none-eabi-gcc "C:/Users/16sex/Desktop/SAC/GPIO_EXTI/Drivers/STM32L5xx_HAL_Driver/Src/stm32l5xx_hal_dma_ex.c" -mcpu=cortex-m33 -std=gnu11 -g3 -DUSE_HAL_DRIVER -DSTM32L552xx -DDEBUG -c -I../../Drivers/CMSIS/Device/ST/STM32L5xx/Include -I../../Drivers/STM32L5xx_HAL_Driver/Inc/Legacy -I../../Drivers/BSP/STM32L5xx_Nucleo -I../../Inc -I../../Drivers/STM32L5xx_HAL_Driver/Inc -I../../Drivers/CMSIS/Include -O0 -ffunction-sections -fdata-sections -Wall -fstack-usage -fcyclomatic-complexity -MMD -MP -MF"Drivers/STM32L5xx_HAL_Driver/stm32l5xx_hal_dma_ex.d" -MT"Drivers/STM32L5xx_HAL_Driver/stm32l5xx_hal_dma_ex.o" --specs=nano.specs -mfpu=fpv5-sp-d16 -mfloat-abi=hard -mthumb -o "Drivers/STM32L5xx_HAL_Driver/stm32l5xx_hal_dma_ex.o"
arm-none-eabi-gcc "C:/Users/16sex/Desktop/SAC/GPIO_EXTI/Drivers/STM32L5xx_HAL_Driver/Src/stm32l5xx_hal_exti.c" -mcpu=cortex-m33 -std=gnu11 -g3 -DUSE_HAL_DRIVER -DSTM32L552xx -DDEBUG -c -I../../Drivers/CMSIS/Device/ST/STM32L5xx/Include -I../../Drivers/STM32L5xx_HAL_Driver/Inc/Legacy -I../../Drivers/BSP/STM32L5xx_Nucleo -I../../Inc -I../../Drivers/STM32L5xx_HAL_Driver/Inc -I../../Drivers/CMSIS/Include -O0 -ffunction-sections -fdata-sections -Wall -fstack-usage -fcyclomatic-complexity -MMD -MP -MF"Drivers/STM32L5xx_HAL_Driver/stm32l5xx_hal_exti.d" -MT"Drivers/STM32L5xx_HAL_Driver/stm32l5xx_hal_exti.o" --specs=nano.specs -mfpu=fpv5-sp-d16 -mfloat-abi=hard -mthumb -o "Drivers/STM32L5xx_HAL_Driver/stm32l5xx_hal_exti.o"
arm-none-eabi-gcc "C:/Users/16sex/Desktop/SAC/GPIO_EXTI/Drivers/STM32L5xx_HAL_Driver/Src/stm32l5xx_hal_flash.c" -mcpu=cortex-m33 -std=gnu11 -g3 -DUSE_HAL_DRIVER -DSTM32L552xx -DDEBUG -c -I../../Drivers/CMSIS/Device/ST/STM32L5xx/Include -I../../Drivers/STM32L5xx_HAL_Driver/Inc/Legacy -I../../Drivers/BSP/STM32L5xx_Nucleo -I../../Inc -I../../Drivers/STM32L5xx_HAL_Driver/Inc -I../../Drivers/CMSIS/Include -O0 -ffunction-sections -fdata-sections -Wall -fstack-usage -fcyclomatic-complexity -MMD -MP -MF"Drivers/STM32L5xx_HAL_Driver/stm32l5xx_hal_flash.d" -MT"Drivers/STM32L5xx_HAL_Driver/stm32l5xx_hal_flash.o" --specs=nano.specs -mfpu=fpv5-sp-d16 -mfloat-abi=hard -mthumb -o "Drivers/STM32L5xx_HAL_Driver/stm32l5xx_hal_flash.o"
arm-none-eabi-gcc "C:/Users/16sex/Desktop/SAC/GPIO_EXTI/Drivers/STM32L5xx_HAL_Driver/Src/stm32l5xx_hal_flash_ex.c" -mcpu=cortex-m33 -std=gnu11 -g3 -DUSE_HAL_DRIVER -DSTM32L552xx -DDEBUG -c -I../../Drivers/CMSIS/Device/ST/STM32L5xx/Include -I../../Drivers/STM32L5xx_HAL_Driver/Inc/Legacy -I../../Drivers/BSP/STM32L5xx_Nucleo -I../../Inc -I../../Drivers/STM32L5xx_HAL_Driver/Inc -I../../Drivers/CMSIS/Include -O0 -ffunction-sections -fdata-sections -Wall -fstack-usage -fcyclomatic-complexity -MMD -MP -MF"Drivers/STM32L5xx_HAL_Driver/stm32l5xx_hal_flash_ex.d" -MT"Drivers/STM32L5xx_HAL_Driver/stm32l5xx_hal_flash_ex.o" --specs=nano.specs -mfpu=fpv5-sp-d16 -mfloat-abi=hard -mthumb -o "Drivers/STM32L5xx_HAL_Driver/stm32l5xx_hal_flash_ex.o"
arm-none-eabi-gcc "C:/Users/16sex/Desktop/SAC/GPIO_EXTI/Drivers/STM32L5xx_HAL_Driver/Src/stm32l5xx_hal_flash_ramfunc.c" -mcpu=cortex-m33 -std=gnu11 -g3 -DUSE_HAL_DRIVER -DSTM32L552xx -DDEBUG -c -I../../Drivers/CMSIS/Device/ST/STM32L5xx/Include -I../../Drivers/STM32L5xx_HAL_Driver/Inc/Legacy -I../../Drivers/BSP/STM32L5xx_Nucleo -I../../Inc -I../../Drivers/STM32L5xx_HAL_Driver/Inc -I../../Drivers/CMSIS/Include -O0 -ffunction-sections -fdata-sections -Wall -fstack-usage -fcyclomatic-complexity -MMD -MP -MF"Drivers/STM32L5xx_HAL_Driver/stm32l5xx_hal_flash_ramfunc.d" -MT"Drivers/STM32L5xx_HAL_Driver/stm32l5xx_hal_flash_ramfunc.o" --specs=nano.specs -mfpu=fpv5-sp-d16 -mfloat-abi=hard -mthumb -o "Drivers/STM32L5xx_HAL_Driver/stm32l5xx_hal_flash_ramfunc.o"
arm-none-eabi-gcc "C:/Users/16sex/Desktop/SAC/GPIO_EXTI/Drivers/STM32L5xx_HAL_Driver/Src/stm32l5xx_hal_gpio.c" -mcpu=cortex-m33 -std=gnu11 -g3 -DUSE_HAL_DRIVER -DSTM32L552xx -DDEBUG -c -I../../Drivers/CMSIS/Device/ST/STM32L5xx/Include -I../../Drivers/STM32L5xx_HAL_Driver/Inc/Legacy -I../../Drivers/BSP/STM32L5xx_Nucleo -I../../Inc -I../../Drivers/STM32L5xx_HAL_Driver/Inc -I../../Drivers/CMSIS/Include -O0 -ffunction-sections -fdata-sections -Wall -fstack-usage -fcyclomatic-complexity -MMD -MP -MF"Drivers/STM32L5xx_HAL_Driver/stm32l5xx_hal_gpio.d" -MT"Drivers/STM32L5xx_HAL_Driver/stm32l5xx_hal_gpio.o" --specs=nano.specs -mfpu=fpv5-sp-d16 -mfloat-abi=hard -mthumb -o "Drivers/STM32L5xx_HAL_Driver/stm32l5xx_hal_gpio.o"
arm-none-eabi-gcc "C:/Users/16sex/Desktop/SAC/GPIO_EXTI/Drivers/STM32L5xx_HAL_Driver/Src/stm32l5xx_hal_i2c.c" -mcpu=cortex-m33 -std=gnu11 -g3 -DUSE_HAL_DRIVER -DSTM32L552xx -DDEBUG -c -I../../Drivers/CMSIS/Device/ST/STM32L5xx/Include -I../../Drivers/STM32L5xx_HAL_Driver/Inc/Legacy -I../../Drivers/BSP/STM32L5xx_Nucleo -I../../Inc -I../../Drivers/STM32L5xx_HAL_Driver/Inc -I../../Drivers/CMSIS/Include -O0 -ffunction-sections -fdata-sections -Wall -fstack-usage -fcyclomatic-complexity -MMD -MP -MF"Drivers/STM32L5xx_HAL_Driver/stm32l5xx_hal_i2c.d" -MT"Drivers/STM32L5xx_HAL_Driver/stm32l5xx_hal_i2c.o" --specs=nano.specs -mfpu=fpv5-sp-d16 -mfloat-abi=hard -mthumb -o "Drivers/STM32L5xx_HAL_Driver/stm32l5xx_hal_i2c.o"
arm-none-eabi-gcc "C:/Users/16sex/Desktop/SAC/GPIO_EXTI/Drivers/STM32L5xx_HAL_Driver/Src/stm32l5xx_hal_i2c_ex.c" -mcpu=cortex-m33 -std=gnu11 -g3 -DUSE_HAL_DRIVER -DSTM32L552xx -DDEBUG -c -I../../Drivers/CMSIS/Device/ST/STM32L5xx/Include -I../../Drivers/STM32L5xx_HAL_Driver/Inc/Legacy -I../../Drivers/BSP/STM32L5xx_Nucleo -I../../Inc -I../../Drivers/STM32L5xx_HAL_Driver/Inc -I../../Drivers/CMSIS/Include -O0 -ffunction-sections -fdata-sections -Wall -fstack-usage -fcyclomatic-complexity -MMD -MP -MF"Drivers/STM32L5xx_HAL_Driver/stm32l5xx_hal_i2c_ex.d" -MT"Drivers/STM32L5xx_HAL_Driver/stm32l5xx_hal_i2c_ex.o" --specs=nano.specs -mfpu=fpv5-sp-d16 -mfloat-abi=hard -mthumb -o "Drivers/STM32L5xx_HAL_Driver/stm32l5xx_hal_i2c_ex.o"
arm-none-eabi-gcc "C:/Users/16sex/Desktop/SAC/GPIO_EXTI/Drivers/STM32L5xx_HAL_Driver/Src/stm32l5xx_hal_icache.c" -mcpu=cortex-m33 -std=gnu11 -g3 -DUSE_HAL_DRIVER -DSTM32L552xx -DDEBUG -c -I../../Drivers/CMSIS/Device/ST/STM32L5xx/Include -I../../Drivers/STM32L5xx_HAL_Driver/Inc/Legacy -I../../Drivers/BSP/STM32L5xx_Nucleo -I../../Inc -I../../Drivers/STM32L5xx_HAL_Driver/Inc -I../../Drivers/CMSIS/Include -O0 -ffunction-sections -fdata-sections -Wall -fstack-usage -fcyclomatic-complexity -MMD -MP -MF"Drivers/STM32L5xx_HAL_Driver/stm32l5xx_hal_icache.d" -MT"Drivers/STM32L5xx_HAL_Driver/stm32l5xx_hal_icache.o" --specs=nano.specs -mfpu=fpv5-sp-d16 -mfloat-abi=hard -mthumb -o "Drivers/STM32L5xx_HAL_Driver/stm32l5xx_hal_icache.o"
arm-none-eabi-gcc "C:/Users/16sex/Desktop/SAC/GPIO_EXTI/Drivers/STM32L5xx_HAL_Driver/Src/stm32l5xx_hal_pwr.c" -mcpu=cortex-m33 -std=gnu11 -g3 -DUSE_HAL_DRIVER -DSTM32L552xx -DDEBUG -c -I../../Drivers/CMSIS/Device/ST/STM32L5xx/Include -I../../Drivers/STM32L5xx_HAL_Driver/Inc/Legacy -I../../Drivers/BSP/STM32L5xx_Nucleo -I../../Inc -I../../Drivers/STM32L5xx_HAL_Driver/Inc -I../../Drivers/CMSIS/Include -O0 -ffunction-sections -fdata-sections -Wall -fstack-usage -fcyclomatic-complexity -MMD -MP -MF"Drivers/STM32L5xx_HAL_Driver/stm32l5xx_hal_pwr.d" -MT"Drivers/STM32L5xx_HAL_Driver/stm32l5xx_hal_pwr.o" --specs=nano.specs -mfpu=fpv5-sp-d16 -mfloat-abi=hard -mthumb -o "Drivers/STM32L5xx_HAL_Driver/stm32l5xx_hal_pwr.o"
arm-none-eabi-gcc "C:/Users/16sex/Desktop/SAC/GPIO_EXTI/Drivers/STM32L5xx_HAL_Driver/Src/stm32l5xx_hal_pwr_ex.c" -mcpu=cortex-m33 -std=gnu11 -g3 -DUSE_HAL_DRIVER -DSTM32L552xx -DDEBUG -c -I../../Drivers/CMSIS/Device/ST/STM32L5xx/Include -I../../Drivers/STM32L5xx_HAL_Driver/Inc/Legacy -I../../Drivers/BSP/STM32L5xx_Nucleo -I../../Inc -I../../Drivers/STM32L5xx_HAL_Driver/Inc -I../../Drivers/CMSIS/Include -O0 -ffunction-sections -fdata-sections -Wall -fstack-usage -fcyclomatic-complexity -MMD -MP -MF"Drivers/STM32L5xx_HAL_Driver/stm32l5xx_hal_pwr_ex.d" -MT"Drivers/STM32L5xx_HAL_Driver/stm32l5xx_hal_pwr_ex.o" --specs=nano.specs -mfpu=fpv5-sp-d16 -mfloat-abi=hard -mthumb -o "Drivers/STM32L5xx_HAL_Driver/stm32l5xx_hal_pwr_ex.o"
arm-none-eabi-gcc "C:/Users/16sex/Desktop/SAC/GPIO_EXTI/Drivers/STM32L5xx_HAL_Driver/Src/stm32l5xx_hal_rcc.c" -mcpu=cortex-m33 -std=gnu11 -g3 -DUSE_HAL_DRIVER -DSTM32L552xx -DDEBUG -c -I../../Drivers/CMSIS/Device/ST/STM32L5xx/Include -I../../Drivers/STM32L5xx_HAL_Driver/Inc/Legacy -I../../Drivers/BSP/STM32L5xx_Nucleo -I../../Inc -I../../Drivers/STM32L5xx_HAL_Driver/Inc -I../../Drivers/CMSIS/Include -O0 -ffunction-sections -fdata-sections -Wall -fstack-usage -fcyclomatic-complexity -MMD -MP -MF"Drivers/STM32L5xx_HAL_Driver/stm32l5xx_hal_rcc.d" -MT"Drivers/STM32L5xx_HAL_Driver/stm32l5xx_hal_rcc.o" --specs=nano.specs -mfpu=fpv5-sp-d16 -mfloat-abi=hard -mthumb -o "Drivers/STM32L5xx_HAL_Driver/stm32l5xx_hal_rcc.o"
arm-none-eabi-gcc "C:/Users/16sex/Desktop/SAC/GPIO_EXTI/Drivers/STM32L5xx_HAL_Driver/Src/stm32l5xx_hal_rcc_ex.c" -mcpu=cortex-m33 -std=gnu11 -g3 -DUSE_HAL_DRIVER -DSTM32L552xx -DDEBUG -c -I../../Drivers/CMSIS/Device/ST/STM32L5xx/Include -I../../Drivers/STM32L5xx_HAL_Driver/Inc/Legacy -I../../Drivers/BSP/STM32L5xx_Nucleo -I../../Inc -I../../Drivers/STM32L5xx_HAL_Driver/Inc -I../../Drivers/CMSIS/Include -O0 -ffunction-sections -fdata-sections -Wall -fstack-usage -fcyclomatic-complexity -MMD -MP -MF"Drivers/STM32L5xx_HAL_Driver/stm32l5xx_hal_rcc_ex.d" -MT"Drivers/STM32L5xx_HAL_Driver/stm32l5xx_hal_rcc_ex.o" --specs=nano.specs -mfpu=fpv5-sp-d16 -mfloat-abi=hard -mthumb -o "Drivers/STM32L5xx_HAL_Driver/stm32l5xx_hal_rcc_ex.o"
arm-none-eabi-gcc "C:/Users/16sex/Desktop/SAC/GPIO_EXTI/Drivers/STM32L5xx_HAL_Driver/Src/stm32l5xx_hal_tim.c" -mcpu=cortex-m33 -std=gnu11 -g3 -DUSE_HAL_DRIVER -DSTM32L552xx -DDEBUG -c -I../../Drivers/CMSIS/Device/ST/STM32L5xx/Include -I../../Drivers/STM32L5xx_HAL_Driver/Inc/Legacy -I../../Drivers/BSP/STM32L5xx_Nucleo -I../../Inc -I../../Drivers/STM32L5xx_HAL_Driver/Inc -I../../Drivers/CMSIS/Include -O0 -ffunction-sections -fdata-sections -Wall -fstack-usage -fcyclomatic-complexity -MMD -MP -MF"Drivers/STM32L5xx_HAL_Driver/stm32l5xx_hal_tim.d" -MT"Drivers/STM32L5xx_HAL_Driver/stm32l5xx_hal_tim.o" --specs=nano.specs -mfpu=fpv5-sp-d16 -mfloat-abi=hard -mthumb -o "Drivers/STM32L5xx_HAL_Driver/stm32l5xx_hal_tim.o"
arm-none-eabi-gcc "C:/Users/16sex/Desktop/SAC/GPIO_EXTI/Drivers/STM32L5xx_HAL_Driver/Src/stm32l5xx_hal_tim_ex.c" -mcpu=cortex-m33 -std=gnu11 -g3 -DUSE_HAL_DRIVER -DSTM32L552xx -DDEBUG -c -I../../Drivers/CMSIS/Device/ST/STM32L5xx/Include -I../../Drivers/STM32L5xx_HAL_Driver/Inc/Legacy -I../../Drivers/BSP/STM32L5xx_Nucleo -I../../Inc -I../../Drivers/STM32L5xx_HAL_Driver/Inc -I../../Drivers/CMSIS/Include -O0 -ffunction-sections -fdata-sections -Wall -fstack-usage -fcyclomatic-complexity -MMD -MP -MF"Drivers/STM32L5xx_HAL_Driver/stm32l5xx_hal_tim_ex.d" -MT"Drivers/STM32L5xx_HAL_Driver/stm32l5xx_hal_tim_ex.o" --specs=nano.specs -mfpu=fpv5-sp-d16 -mfloat-abi=hard -mthumb -o "Drivers/STM32L5xx_HAL_Driver/stm32l5xx_hal_tim_ex.o"
arm-none-eabi-gcc "C:/Users/16sex/Desktop/SAC/GPIO_EXTI/Drivers/STM32L5xx_HAL_Driver/Src/stm32l5xx_hal_uart.c" -mcpu=cortex-m33 -std=gnu11 -g3 -DUSE_HAL_DRIVER -DSTM32L552xx -DDEBUG -c -I../../Drivers/CMSIS/Device/ST/STM32L5xx/Include -I../../Drivers/STM32L5xx_HAL_Driver/Inc/Legacy -I../../Drivers/BSP/STM32L5xx_Nucleo -I../../Inc -I../../Drivers/STM32L5xx_HAL_Driver/Inc -I../../Drivers/CMSIS/Include -O0 -ffunction-sections -fdata-sections -Wall -fstack-usage -fcyclomatic-complexity -MMD -MP -MF"Drivers/STM32L5xx_HAL_Driver/stm32l5xx_hal_uart.d" -MT"Drivers/STM32L5xx_HAL_Driver/stm32l5xx_hal_uart.o" --specs=nano.specs -mfpu=fpv5-sp-d16 -mfloat-abi=hard -mthumb -o "Drivers/STM32L5xx_HAL_Driver/stm32l5xx_hal_uart.o"
arm-none-eabi-gcc "C:/Users/16sex/Desktop/SAC/GPIO_EXTI/Drivers/STM32L5xx_HAL_Driver/Src/stm32l5xx_hal_uart_ex.c" -mcpu=cortex-m33 -std=gnu11 -g3 -DUSE_HAL_DRIVER -DSTM32L552xx -DDEBUG -c -I../../Drivers/CMSIS/Device/ST/STM32L5xx/Include -I../../Drivers/STM32L5xx_HAL_Driver/Inc/Legacy -I../../Drivers/BSP/STM32L5xx_Nucleo -I../../Inc -I../../Drivers/STM32L5xx_HAL_Driver/Inc -I../../Drivers/CMSIS/Include -O0 -ffunction-sections -fdata-sections -Wall -fstack-usage -fcyclomatic-complexity -MMD -MP -MF"Drivers/STM32L5xx_HAL_Driver/stm32l5xx_hal_uart_ex.d" -MT"Drivers/STM32L5xx_HAL_Driver/stm32l5xx_hal_uart_ex.o" --specs=nano.specs -mfpu=fpv5-sp-d16 -mfloat-abi=hard -mthumb -o "Drivers/STM32L5xx_HAL_Driver/stm32l5xx_hal_uart_ex.o"
arm-none-eabi-gcc "C:/Users/16sex/Desktop/SAC/GPIO_EXTI/Src/system_stm32l5xx.c" -mcpu=cortex-m33 -std=gnu11 -g3 -DUSE_HAL_DRIVER -DSTM32L552xx -DDEBUG -c -I../../Drivers/CMSIS/Device/ST/STM32L5xx/Include -I../../Drivers/STM32L5xx_HAL_Driver/Inc/Legacy -I../../Drivers/BSP/STM32L5xx_Nucleo -I../../Inc -I../../Drivers/STM32L5xx_HAL_Driver/Inc -I../../Drivers/CMSIS/Include -O0 -ffunction-sections -fdata-sections -Wall -fstack-usage -fcyclomatic-complexity -MMD -MP -MF"Drivers/CMSIS/system_stm32l5xx.d" -MT"Drivers/CMSIS/system_stm32l5xx.o" --specs=nano.specs -mfpu=fpv5-sp-d16 -mfloat-abi=hard -mthumb -o "Drivers/CMSIS/system_stm32l5xx.o"
arm-none-eabi-gcc "C:/Users/16sex/Desktop/SAC/GPIO_EXTI/Drivers/BSP/STM32L5xx_Nucleo/stm32l5xx_nucleo.c" -mcpu=cortex-m33 -std=gnu11 -g3 -DUSE_HAL_DRIVER -DSTM32L552xx -DDEBUG -c -I../../Drivers/CMSIS/Device/ST/STM32L5xx/Include -I../../Drivers/STM32L5xx_HAL_Driver/Inc/Legacy -I../../Drivers/BSP/STM32L5xx_Nucleo -I../../Inc -I../../Drivers/STM32L5xx_HAL_Driver/Inc -I../../Drivers/CMSIS/Include -O0 -ffunction-sections -fdata-sections -Wall -fstack-usage -fcyclomatic-complexity -MMD -MP -MF"Drivers/BSP/STM32L5xx_Nucleo/stm32l5xx_nucleo.d" -MT"Drivers/BSP/STM32L5xx_Nucleo/stm32l5xx_nucleo.o" --specs=nano.specs -mfpu=fpv5-sp-d16 -mfloat-abi=hard -mthumb -o "Drivers/BSP/STM32L5xx_Nucleo/stm32l5xx_nucleo.o"
arm-none-eabi-gcc "C:/Users/16sex/Desktop/SAC/GPIO_EXTI/Src/main.c" -mcpu=cortex-m33 -std=gnu11 -g3 -DUSE_HAL_DRIVER -DSTM32L552xx -DDEBUG -c -I../../Drivers/CMSIS/Device/ST/STM32L5xx/Include -I../../Drivers/STM32L5xx_HAL_Driver/Inc/Legacy -I../../Drivers/BSP/STM32L5xx_Nucleo -I../../Inc -I../../Drivers/STM32L5xx_HAL_Driver/Inc -I../../Drivers/CMSIS/Include -O0 -ffunction-sections -fdata-sections -Wall -fstack-usage -fcyclomatic-complexity -MMD -MP -MF"Application/User/main.d" -MT"Application/User/main.o" --specs=nano.specs -mfpu=fpv5-sp-d16 -mfloat-abi=hard -mthumb -o "Application/User/main.o"
arm-none-eabi-gcc "C:/Users/16sex/Desktop/SAC/GPIO_EXTI/Src/stm32l5xx_hal_msp.c" -mcpu=cortex-m33 -std=gnu11 -g3 -DUSE_HAL_DRIVER -DSTM32L552xx -DDEBUG -c -I../../Drivers/CMSIS/Device/ST/STM32L5xx/Include -I../../Drivers/STM32L5xx_HAL_Driver/Inc/Legacy -I../../Drivers/BSP/STM32L5xx_Nucleo -I../../Inc -I../../Drivers/STM32L5xx_HAL_Driver/Inc -I../../Drivers/CMSIS/Include -O0 -ffunction-sections -fdata-sections -Wall -fstack-usage -fcyclomatic-complexity -MMD -MP -MF"Application/User/stm32l5xx_hal_msp.d" -MT"Application/User/stm32l5xx_hal_msp.o" --specs=nano.specs -mfpu=fpv5-sp-d16 -mfloat-abi=hard -mthumb -o "Application/User/stm32l5xx_hal_msp.o"
arm-none-eabi-gcc "C:/Users/16sex/Desktop/SAC/GPIO_EXTI/Src/stm32l5xx_it.c" -mcpu=cortex-m33 -std=gnu11 -g3 -DUSE_HAL_DRIVER -DSTM32L552xx -DDEBUG -c -I../../Drivers/CMSIS/Device/ST/STM32L5xx/Include -I../../Drivers/STM32L5xx_HAL_Driver/Inc/Legacy -I../../Drivers/BSP/STM32L5xx_Nucleo -I../../Inc -I../../Drivers/STM32L5xx_HAL_Driver/Inc -I../../Drivers/CMSIS/Include -O0 -ffunction-sections -fdata-sections -Wall -fstack-usage -fcyclomatic-complexity -MMD -MP -MF"Application/User/stm32l5xx_it.d" -MT"Application/User/stm32l5xx_it.o" --specs=nano.specs -mfpu=fpv5-sp-d16 -mfloat-abi=hard -mthumb -o "Application/User/stm32l5xx_it.o"
arm-none-eabi-gcc "../Application/User/syscalls.c" -mcpu=cortex-m33 -std=gnu11 -g3 -DUSE_HAL_DRIVER -DSTM32L552xx -DDEBUG -c -I../../Drivers/CMSIS/Device/ST/STM32L5xx/Include -I../../Drivers/STM32L5xx_HAL_Driver/Inc/Legacy -I../../Drivers/BSP/STM32L5xx_Nucleo -I../../Inc -I../../Drivers/STM32L5xx_HAL_Driver/Inc -I../../Drivers/CMSIS/Include -O0 -ffunction-sections -fdata-sections -Wall -fstack-usage -fcyclomatic-complexity -MMD -MP -MF"Application/User/syscalls.d" -MT"Application/User/syscalls.o" --specs=nano.specs -mfpu=fpv5-sp-d16 -mfloat-abi=hard -mthumb -o "Application/User/syscalls.o"
arm-none-eabi-gcc "../Application/User/sysmem.c" -mcpu=cortex-m33 -std=gnu11 -g3 -DUSE_HAL_DRIVER -DSTM32L552xx -DDEBUG -c -I../../Drivers/CMSIS/Device/ST/STM32L5xx/Include -I../../Drivers/STM32L5xx_HAL_Driver/Inc/Legacy -I../../Drivers/BSP/STM32L5xx_Nucleo -I../../Inc -I../../Drivers/STM32L5xx_HAL_Driver/Inc -I../../Drivers/CMSIS/Include -O0 -ffunction-sections -fdata-sections -Wall -fstack-usage -fcyclomatic-complexity -MMD -MP -MF"Application/User/sysmem.d" -MT"Application/User/sysmem.o" --specs=nano.specs -mfpu=fpv5-sp-d16 -mfloat-abi=hard -mthumb -o "Application/User/sysmem.o"
arm-none-eabi-gcc -mcpu=cortex-m33 -g3 -DDEBUG -c -x assembler-with-cpp -MMD -MP -MF"Application/Startup/startup_stm32l552zetxq.d" -MT"Application/Startup/startup_stm32l552zetxq.o" --specs=nano.specs -mfpu=fpv5-sp-d16 -mfloat-abi=hard -mthumb -o "Application/Startup/startup_stm32l552zetxq.o" "../Application/Startup/startup_stm32l552zetxq.s"
arm-none-eabi-gcc -o "GPIO_EXTI.elf" @"objects.list"   -mcpu=cortex-m33 -T"C:\Users\16sex\Desktop\SAC\GPIO_EXTI\STM32CubeIDE\STM32L552ZETXQ_FLASH.ld" --specs=nosys.specs -Wl,-Map="GPIO_EXTI.map" -Wl,--gc-sections -static --specs=nano.specs -mfpu=fpv5-sp-d16 -mfloat-abi=hard -mthumb -Wl,--start-group -lc -lm -Wl,--end-group
Finished building target: GPIO_EXTI.elf
 
arm-none-eabi-size   GPIO_EXTI.elf 
arm-none-eabi-objdump -h -S  GPIO_EXTI.elf  > "GPIO_EXTI.list"
   text	   data	    bss	    dec	    hex	filename
   8032	     48	   1568	   9648	   25b0	GPIO_EXTI.elf
Finished building: default.size.stdout
 
Finished building: GPIO_EXTI.list
 

21:09:43 Build Finished. 0 errors, 0 warnings. (took 6s.429ms)

